src/components/Character/utils/character.ts(7,3): error TS6133: 'renderer' is declared but its value is never read.
src/components/Character/utils/character.ts(8,3): error TS6133: 'scene' is declared but its value is never read.
src/components/SplitText.tsx(4,44): error TS7016: Could not find a declaration file for module 'gsap-trial/SplitText'. 'C:/Users/Lumen/Downloads/aditya-main-port/node_modules/gsap-trial/SplitText.js' implicitly has an 'any' type.
  Try `npm i --save-dev @types/gsap-trial` if it exists or add a new declaration (.d.ts) file containing `declare module 'gsap-trial/SplitText';`
src/components/SplitText.tsx(70,13): error TS6133: 'start' is declared but its value is never read.
src/components/utils/initialFX.ts(1,1): error TS6133: 'SplitText' is declared but its value is never read.
src/components/utils/initialFX.ts(1,27): error TS7016: Could not find a declaration file for module 'gsap-trial/SplitText'. 'C:/Users/Lumen/Downloads/aditya-main-port/node_modules/gsap-trial/SplitText.js' implicitly has an 'any' type.
  Try `npm i --save-dev @types/gsap-trial` if it exists or add a new declaration (.d.ts) file containing `declare module 'gsap-trial/SplitText';`
src/components/utils/splitText.ts(4,27): error TS7016: Could not find a declaration file for module 'gsap-trial/SplitText'. 'C:/Users/Lumen/Downloads/aditya-main-port/node_modules/gsap-trial/SplitText.js' implicitly has an 'any' type.
  Try `npm i --save-dev @types/gsap-trial` if it exists or add a new declaration (.d.ts) file containing `declare module 'gsap-trial/SplitText';`
src/context/LoadingProvider.tsx(31,30): error TS2322: Type '{ percent: number; }' is not assignable to type 'IntrinsicAttributes'.
  Property 'percent' does not exist on type 'IntrinsicAttributes'.
